// Jest Snapshot v1, https://goo.gl/fbAQLP

exports[`<Insect> should render correctly 1`] = `
<div
  id="dead"
  onClick={[Function]}
>
  <img
    alt="Bug"
    src="./images/bug2Dead.svg"
  />
</div>
`;
