// Jest Snapshot v1, https://goo.gl/fbAQLP

exports[`<Player> should render correctly 1`] = `
<div>
  <img
    alt="A cartoon drawing of a swatter that has arms and legs"
    id="player"
    src="./images/player.png"
  />
</div>
`;
